// Jest Snapshot v1, https://goo.gl/fbAQLP

exports[`components/widgets/badges/AdminBadge should match the snapshot 1`] = `
<Memo(Badge)
  className="AdminBadge test"
  show={true}
>
  <MemoizedFormattedMessage
    defaultMessage="ADMIN"
    id="post_info.admim"
  />
</Memo(Badge)>
`;
